ets Jul 29 2019 12:21:46

rsï¿½ets Jul 29 2019 12:21:46

rst:0x1 (POWERON_RESET),boot:0x13 (SPI_FAST_FLASH_BOOT)
configsip: 0, SPIWP:0xee
clk_drv:0x00,q_drv:0x00,d_drv:0x00,cs0_drv:0x00,hd_drv:0x00,wp_drv:0x00
mode:DIO, clock div:2
load:0x3fff0030,len:7176
load:0x40078000,len:15564
ho 0 tail 12 room 4
load:0x40080400,len:4
load:0x40080404,len:3904
entry 0x40080640
[0;32mI (31) boot: ESP-IDF v5.3.1 2nd stage bootloader[0m
[0;32mI (31) boot: compile time Apr 22 2025 17:05:06[0m
[0;32mI (31) boot: Multicore bootloader[0m
[0;32mI (35) boot: chip revision: v3.1[0m
[0;32mI (39) boot.esp32: SPI Speed      : 40MHz[0m
[0;32mI (44) boot.esp32: SPI Mode       : DIO[0m
[0;32mI (48) boot.esp32: SPI Flash Size : 2MB[0m
[0;32mI (53) boot: Enabling RNG early entropy source...[0m
[0;32mI (58) boot: Partition Table:[0m
[0;32mI (62) boot: ## Label            Usage          Type ST Offset   Length[0m
[0;32mI (69) boot:  0 nvs              WiFi data        01 02 00009000 00006000[0m
[0;32mI (77) boot:  1 phy_init         RF data          01 01 0000f000 00001000[0m
[0;32mI (84) boot:  2 factory          factory app      00 00 00010000 00100000[0m
[0;32mI (92) boot: End of partition table[0m
[0;32mI (96) esp_image: segment 0: paddr=00010020 vaddr=3f400020 size=2c048h (180296) map[0m
[0;32mI (166) esp_image: segment 1: paddr=0003c070 vaddr=3ffb0000 size=03fa8h ( 16296) load[0m
[0;32mI (172) esp_image: segment 2: paddr=00040020 vaddr=400d0020 size=a21a0h (663968) map[0m
[0;32mI (400) esp_image: segment 3: paddr=000e21c8 vaddr=3ffb3fa8 size=011a4h (  4516) load[0m
[0;32mI (402) esp_image: segment 4: paddr=000e3374 vaddr=40080000 size=1d2c4h (119492) load[0m
[0;32mI (467) boot: Loaded app from partition at offset 0x10000[0m
[0;32mI (467) boot: Disabling RNG early entropy source...[0m
[0;32mI (479) quad_psram: This chip is ESP32-D0WD[0m
[0;32mI (481) esp_psram: Found 8MB PSRAM device[0m
[0;32mI (481) esp_psram: Speed: 40MHz[0m
[0;32mI (483) esp_psram: PSRAM initialized, cache is in low/high (2-core) mode.[0m
[0;33mW (491) esp_psram: Virtual address not enough for PSRAM, map as much as we can. 4MB is mapped[0m
[0;32mI (500) cpu_start: Multicore app[0m
[0;32mI (1409) esp_psram: SPI SRAM memory test OK[0m
[0;32mI (1417) cpu_start: Pro cpu start user code[0m
[0;32mI (1417) cpu_start: cpu freq: 160000000 Hz[0m
[0;32mI (1417) app_init: Application information:[0m
[0;32mI (1420) app_init: Project name:     esp32_cam_http_stream[0m
[0;32mI (1427) app_init: App version:      1[0m
[0;32mI (1431) app_init: Compile time:     Apr 22 2025 17:14:30[0m
[0;32mI (1437) app_init: ELF file SHA256:  0ffe7f0557714f13...[0m
[0;32mI (1443) app_init: ESP-IDF:          v5.3.1[0m
[0;32mI (1448) efuse_init: Min chip rev:     v0.0[0m
[0;32mI (1453) efuse_init: Max chip rev:     v3.99 [0m
[0;32mI (1458) efuse_init: Chip rev:         v3.1[0m
[0;32mI (1463) heap_init: Initializing. RAM available for dynamic allocation:[0m
[0;32mI (1470) heap_init: At 3FFAE6E0 len 00001920 (6 KiB): DRAM[0m
[0;32mI (1476) heap_init: At 3FFBB3D0 len 00024C30 (147 KiB): DRAM[0m
[0;32mI (1482) heap_init: At 3FFE0440 len 00003AE0 (14 KiB): D/IRAM[0m
[0;32mI (1489) heap_init: At 3FFE4350 len 0001BCB0 (111 KiB): D/IRAM[0m
[0;32mI (1495) heap_init: At 4009D2C4 len 00002D3C (11 KiB): IRAM[0m
[0;32mI (1502) esp_psram: Adding pool of 4096K of PSRAM memory to heap allocator[0m
[0;32mI (1511) spi_flash: detected chip: generic[0m
[0;32mI (1514) spi_flash: flash io: dio[0m
[0;33mW (1518) spi_flash: Detected size(4096k) larger than the size in the binary image header(2048k). Using the size in the binary image header.[0m
[0;33mW (1531) i2c: This driver is an old driver, please migrate your application code to adapt `driver/i2c_master.h`[0m
[0;32mI (1543) main_task: Started on CPU0[0m
[0;32mI (1553) esp_psram: Reserving pool of 32K of internal memory for DMA/internal allocations[0m
[0;32mI (1553) main_task: Calling app_main()[0m
[0;32mI (1603) wifi:wifi driver task: 3ffcb618, prio:23, stack:6656, core=0[0m
[0;32mI (1613) wifi:wifi firmware version: ccaebfa[0m
[0;32mI (1613) wifi:wifi certification version: v7.0[0m
[0;32mI (1613) wifi:config NVS flash: enabled[0m
[0;32mI (1613) wifi:config nano formating: disabled[0m
[0;32mI (1613) wifi:Init data frame dynamic rx buffer num: 32[0m
[0;32mI (1623) wifi:Init static rx mgmt buffer num: 5[0m
[0;32mI (1623) wifi:Init management short buffer num: 32[0m
[0;32mI (1633) wifi:Init static tx buffer num: 16[0m
[0;32mI (1633) wifi:Init tx cache buffer num: 32[0m
[0;32mI (1643) wifi:Init static rx buffer size: 1600[0m
[0;32mI (1643) wifi:Init static rx buffer num: 10[0m
[0;32mI (1643) wifi:Init dynamic rx buffer num: 32[0m
[0;32mI (1653) wifi_init: rx ba win: 6[0m
[0;32mI (1653) wifi_init: accept mbox: 6[0m
[0;32mI (1663) wifi_init: tcpip mbox: 32[0m
[0;32mI (1663) wifi_init: udp mbox: 6[0m
[0;32mI (1663) wifi_init: tcp mbox: 6[0m
[0;32mI (1673) wifi_init: tcp tx win: 5744[0m
[0;32mI (1673) wifi_init: tcp rx win: 5744[0m
[0;32mI (1683) wifi_init: tcp mss: 1440[0m
[0;32mI (1683) wifi_init: WiFi IRAM OP enabled[0m
[0;32mI (1683) wifi_init: WiFi RX IRAM OP enabled[0m
[0;32mI (1723) phy_init: phy_version 4830,54550f7,Jun 20 2024,14:22:08[0m
[0;33mW (1793) phy_init: saving new calibration data because of checksum failure, mode(0)[0m
[0;32mI (1823) wifi:mode : sta (08:a6:f7:12:47:98)[0m
[0;32mI (1823) wifi:enable tsf[0m
[0;32mI (1823) Connect_WiFi: wifi_init_sta finished.[0m
[0;32mI (1833) wifi:new:<6,0>, old:<1,0>, ap:<255,255>, sta:<6,0>, prof:1, snd_ch_cfg:0x0[0m
[0;32mI (1843) wifi:state: init -> auth (0xb0)[0m
[0;32mI (2403) wifi:state: auth -> init (0x600)[0m
[0;32mI (2423) wifi:new:<6,0>, old:<6,0>, ap:<255,255>, sta:<6,0>, prof:1, snd_ch_cfg:0x0[0m
[0;32mI (2423) Connect_WiFi: retry to connect to the AP[0m
[0;32mI (2423) Connect_WiFi: connect to the AP fail[0m
[0;32mI (4833) Connect_WiFi: retry to connect to the AP[0m
[0;32mI (4833) Connect_WiFi: connect to the AP fail[0m
[0;32mI (4843) wifi:new:<6,0>, old:<6,0>, ap:<255,255>, sta:<6,0>, prof:1, snd_ch_cfg:0x0[0m
[0;32mI (4843) wifi:state: init -> auth (0xb0)[0m
[0;32mI (5913) wifi:state: auth -> assoc (0x0)[0m
[0;32mI (5983) wifi:state: assoc -> run (0x10)[0m
[0;32mI (6083) wifi:connected with Fangbeenet@unifi-2.4GHz, aid = 21, channel 6, BW20, bssid = 0a:4f:66:1e:ec:4b[0m
[0;32mI (6083) wifi:security: WPA3-SAE, phy: bgn, rssi: -73[0m
[0;32mI (6113) wifi:pm start, type: 1[0m

[0;32mI (6113) wifi:dp: 1, bi: 102400, li: 3, scale listen interval from 307200 us to 307200 us[0m
[0;32mI (6123) wifi:AP's beacon interval = 102400 us, DTIM period = 1[0m
[0;32mI (6233) wifi:<ba-add>idx:0 (ifx:0, 0a:4f:66:1e:ec:4b), tid:0, ssn:3, winSize:64[0m
[0;32mI (7613) esp_netif_handlers: sta ip: 192.168.0.39, mask: 255.255.255.0, gw: 192.168.0.1[0m
[0;32mI (7613) Connect_WiFi: got ip:192.168.0.39[0m
[0;32mI (7613) Connect_WiFi: connected to ap SSID:Fangbeenet@unifi-2.4GHz password:Tiew0488725[0m
[0;32mI (7623) gpio: GPIO[25]| InputEn: 1| OutputEn: 0| OpenDrain: 0| Pullup: 1| Pulldown: 0| Intr:2 [0m
[0;32mI (7633) cam_hal: cam init ok[0m
[0;32mI (7633) sccb: pin_sda 26 pin_scl 27[0m
[0;32mI (7643) sccb: sccb_i2c_port=1[0m
[0;32mI (7643) gpio: GPIO[32]| InputEn: 0| OutputEn: 1| OpenDrain: 0| Pullup: 0| Pulldown: 0| Intr:0 [0m
[0;32mI (7683) camera: Detected camera at address=0x30[0m
[0;32mI (7683) camera: Detected OV2640 camera[0m
[0;32mI (7683) camera: Camera PID=0x26 VER=0x42 MIDL=0x7f MIDH=0xa2[0m
[0;32mI (7773) cam_hal: buffer_size: 32768, half_buffer_size: 4096, node_buffer_size: 2048, node_cnt: 16, total_cnt: 45[0m
[0;32mI (7773) cam_hal: Allocating 184320 Byte frame buffer in PSRAM[0m
[0;32mI (7783) cam_hal: Allocating 184320 Byte frame buffer in PSRAM[0m
[0;32mI (7793) cam_hal: cam config ok[0m
[0;32mI (7793) ov2640: Set PLL: clk_2x: 0, clk_div: 0, pclk_auto: 0, pclk_div: 12[0m
[0;32mI (7883) esp32-cam Webserver: ESP32 CAM Web Server is up and running
[0m
[0;32mI (7883) main_task: Returned from app_main()[0m
[0;33mW (26603) cam_hal: NO-EOI[0m
[0;33mW (27733) cam_hal: NO-EOI[0m
[0;33mW (39023) cam_hal: NO-EOI[0m
[0;33mW (56163) cam_hal: NO-EOI[0m
[0;33mW (67103) cam_hal: NO-EOI[0m
[0;33mW (84563) cam_hal: NO-EOI[0m
[0;33mW (87533) cam_hal: NO-EOI[0m
